<?xml version="1.0" encoding="utf-8"?><testsuite errors="0" failures="0" name="pytest" skipped="0" tests="2" time="0.198"><testcase classname="tests.hellocircle_test.TestHelloWorld" file="tests\hellocircle_test.py" line="8" name="test_hello_world" time="0.001"></testcase><testcase classname="tests.hellocircle_test.TestHelloWorld" file="tests\hellocircle_test.py" line="17" name="test_say_hello" time="0.000"></testcase></testsuite>